// Jest Snapshot v1, https://goo.gl/fbAQLP

exports[`AdminNavBar component renders the AdminNavBar match snapshot 1`] = `
<div>
  <nav
    class="relative lg:static w-full"
  >
    <div
      class="flex items-center justify-between py-[10px] pr-5 lg:pr-0 px-[5px] lg:mb-[31px] rounded-lg bg-white dark:bg-zinc-800 "
    >
      <a
        class="flex items-center gap-2 w-full"
        href="/admin/boards"
      >
        <svg
          class="w-[25px] h-[25px] bg-black rounded-lg"
          fill="none"
          height="26"
          width="25"
          xmlns="http://www.w3.org/2000/svg"
        >
          <path
            d="M12.882 20.678a7.473 7.473 0 0 1-2.995-.605 7.764 7.764 0 0 1-2.437-1.64 7.748 7.748 0 0 1-1.641-2.438A7.49 7.49 0 0 1 5.204 13c0-1.062.201-2.06.605-2.995a7.766 7.766 0 0 1 1.64-2.438 7.749 7.749 0 0 1 2.438-1.64 7.49 7.49 0 0 1 2.995-.606c.614 0 1.213.07 1.795.212.583.14 1.143.345 1.68.614a.729.729 0 0 1 .374.46.644.644 0 0 1-.106.576.887.887 0 0 1-1.133.269 6.41 6.41 0 0 0-1.276-.441 5.89 5.89 0 0 0-1.334-.154c-1.702 0-3.151.599-4.348 1.795C7.337 9.85 6.739 11.298 6.739 13s.599 3.151 1.796 4.348c1.196 1.197 2.646 1.795 4.347 1.795 1.702 0 3.152-.598 4.348-1.795 1.197-1.196 1.796-2.645 1.795-4.348a4.602 4.602 0 0 0-.038-.595 1.018 1.018 0 0 1 .125-.624.798.798 0 0 1 .489-.394.696.696 0 0 1 .576.058c.179.102.281.256.307.46A7.65 7.65 0 0 1 20.56 13c0 1.062-.202 2.06-.605 2.995a7.767 7.767 0 0 1-1.641 2.438 7.76 7.76 0 0 1-2.438 1.641 7.463 7.463 0 0 1-2.995.604Z"
            fill="#fff"
          />
          <path
            d="m18.948 7.222-7.14 7.16-1.652-1.65a.728.728 0 0 0-.537-.212.728.728 0 0 0-.538.211.728.728 0 0 0-.21.538c0 .217.07.396.21.537l2.189 2.189c.153.153.332.23.537.23a.737.737 0 0 0 .538-.23l7.678-7.698c.14-.14.211-.32.211-.538a.728.728 0 0 0-.21-.537.71.71 0 0 0-.548-.221.752.752 0 0 0-.528.22Z"
            fill="#FFCB12"
          />
        </svg>
        <h1
          class="text-xl font-bold dark:text-white"
        >
          Taskboard
        </h1>
      </a>
      <svg
        class="lg:hidden cursor-pointer"
        fill="currentColor"
        height="1em"
        stroke="currentColor"
        stroke-width="0"
        viewBox="0 0 24 24"
        width="1em"
        xmlns="http://www.w3.org/2000/svg"
      >
        <g
          id="Menu_Burger"
        >
          <path
            d="M3.563,4.063c-0.276,-0 -0.5,-0.224 -0.5,-0.5c-0,-0.276 0.224,-0.5 0.5,-0.5l16.874,-0.001c0.276,-0 0.5,0.224 0.5,0.5c0,0.276 -0.224,0.5 -0.5,0.5l-16.874,0.001Z"
          />
          <path
            d="M3.563,12.501c-0.276,-0 -0.5,-0.224 -0.5,-0.5c-0,-0.276 0.224,-0.5 0.5,-0.5l16.874,-0.002c0.276,0 0.5,0.224 0.5,0.5c0,0.276 -0.224,0.5 -0.5,0.5l-16.874,0.002Z"
          />
          <path
            d="M3.563,20.939c-0.276,-0 -0.5,-0.224 -0.5,-0.5c-0,-0.276 0.224,-0.5 0.5,-0.5l16.874,-0.002c0.276,0 0.5,0.224 0.5,0.5c0,0.276 -0.224,0.5 -0.5,0.5l-16.874,0.002Z"
          />
        </g>
      </svg>
    </div>
    <div
      class="mt-2 rounded-lg bg-white dark:bg-zinc-800 px-3 py-4 w-full absolute lg:static lg:block z-50 hidden"
    >
      <span
        class="text-xs pb-2 font-bold text-zinc-500 dark:text-white "
      >
        Menu
      </span>
      <div
        class="flex flex-col gap-4 mt-2"
      >
        <a
          class="flex gap-2 items-center py-2 px-4 rounded-lg text-zinc-500 fill-zinc-500 dark:text-white dark:fill-white hover:bg-black hover:text-white hover:fill-white hover:font-bold"
          href="/admin/boards"
        >
          <svg
            class="w-4 h-4"
            fill="none"
            stroke="currentColor"
            viewBox="0 0 20 20"
            xmlns="http://www.w3.org/2000/svg"
          >
            <path
              d="M7.91669 1.6665C7.58517 1.6665 7.26722 1.7982 7.0328 2.03262C6.79838 2.26704 6.66669 2.58498 6.66669 2.9165V3.74984C6.66669 4.08136 6.79838 4.3993 7.0328 4.63372C7.26722 4.86814 7.58517 4.99984 7.91669 4.99984H12.0834C12.4149 4.99984 12.7328 4.86814 12.9672 4.63372C13.2017 4.3993 13.3334 4.08136 13.3334 3.74984V2.9165C13.3334 2.58498 13.2017 2.26704 12.9672 2.03262C12.7328 1.7982 12.4149 1.6665 12.0834 1.6665H7.91669Z"
            />
            <path
              clip-rule="evenodd"
              d="M3.2325 4.06426C3.70667 3.58926 4.36833 3.42259 5.41667 3.36426V3.75009C5.41667 4.41313 5.68006 5.04902 6.1489 5.51786C6.61774 5.9867 7.25363 6.25009 7.91667 6.25009H12.0833C12.7464 6.25009 13.3823 5.9867 13.8511 5.51786C14.3199 5.04902 14.5833 4.41313 14.5833 3.75009V3.36426C15.6317 3.42259 16.2933 3.58926 16.7675 4.06426C17.5 4.79676 17.5 5.97509 17.5 8.33176V13.3318C17.5 15.6893 17.5 16.8676 16.7675 17.6001C16.0358 18.3318 14.8567 18.3318 12.5 18.3318H7.5C5.14333 18.3318 3.96417 18.3318 3.2325 17.6001C2.5 16.8668 2.5 15.6893 2.5 13.3318V8.33176C2.5 5.97509 2.5 4.79676 3.2325 4.06426ZM10.625 9.16676C10.625 9.001 10.5592 8.84203 10.4419 8.72482C10.3247 8.60761 10.1658 8.54176 10 8.54176C9.83424 8.54176 9.67527 8.60761 9.55806 8.72482C9.44085 8.84203 9.375 9.001 9.375 9.16676V11.0418H7.5C7.33424 11.0418 7.17527 11.1076 7.05806 11.2248C6.94085 11.342 6.875 11.501 6.875 11.6668C6.875 11.8325 6.94085 11.9915 7.05806 12.1087C7.17527 12.2259 7.33424 12.2918 7.5 12.2918H9.375V14.1668C9.375 14.3325 9.44085 14.4915 9.55806 14.6087C9.67527 14.7259 9.83424 14.7918 10 14.7918C10.1658 14.7918 10.3247 14.7259 10.4419 14.6087C10.5592 14.4915 10.625 14.3325 10.625 14.1668V12.2918H12.5C12.6658 12.2918 12.8247 12.2259 12.9419 12.1087C13.0592 11.9915 13.125 11.8325 13.125 11.6668C13.125 11.501 13.0592 11.342 12.9419 11.2248C12.8247 11.1076 12.6658 11.0418 12.5 11.0418H10.625V9.16676Z"
              fill-rule="evenodd"
            />
          </svg>
          Boards
        </a>
        <a
          class="flex gap-2 items-center py-2 px-4 rounded-lg text-zinc-500 fill-zinc-500 dark:text-white dark:fill-white hover:bg-black hover:text-white hover:fill-white hover:font-bold"
          href="/admin/projects"
        >
          <svg
            class="w-4 h-4"
            fill="none"
            stroke="currentColor"
            viewBox="0 0 20 15"
            xmlns="http://www.w3.org/2000/svg"
          >
            <path
              d="M18.3334 7.50004C18.3334 7.50004 17.5059 8.24171 15.8509 8.90421L13.5109 9.84087C11.8559 10.5025 11.0275 10.8334 10 10.8334C8.97169 10.8334 8.14419 10.5025 6.48919 9.84087L4.15002 8.90421C2.49419 8.24254 1.66669 7.50004 1.66669 7.50004M1.66669 10.8334C1.66669 10.8334 2.49419 11.575 4.14919 12.2375L6.48919 13.1742C8.14419 13.8359 8.97252 14.1667 10 14.1667C10.795 14.1667 11.47 13.9692 12.5 13.5734M15.8509 12.2375C17.5059 11.5759 18.3334 10.8334 18.3334 10.8334M4.14919 2.76254C2.49419 3.42421 1.66669 3.75504 1.66669 4.16671C1.66669 4.57837 2.49419 4.90837 4.14919 5.57087L6.48919 6.50754C8.14419 7.16921 8.97252 7.50004 10 7.50004C11.0284 7.50004 11.8559 7.16921 13.5109 6.50754L15.8509 5.57087C17.5059 4.90921 18.3334 4.57837 18.3334 4.16671C18.3334 3.75504 17.5059 3.42504 15.8509 2.76254L13.5109 1.82671C11.8559 1.16421 11.0275 0.833374 10 0.833374C9.20502 0.833374 8.53002 1.03087 7.50002 1.42671"
              stroke-linecap="round"
              stroke-width="1.5"
            />
          </svg>
          Projects
        </a>
        <a
          class="flex gap-2 items-center py-2 px-4 rounded-lg text-zinc-500 fill-zinc-500 dark:text-white dark:fill-white hover:bg-black hover:text-white hover:fill-white hover:font-bold"
          href="/admin/tasks"
        >
          <svg
            class="w-4 h-4"
            fill="none"
            stroke="currentColor"
            viewBox="0 0 20 20"
            xmlns="http://www.w3.org/2000/svg"
          >
            <path
              d="M17 1H3C1.89543 1 1 1.89543 1 3V17C1 18.1046 1.89543 19 3 19H17C18.1046 19 19 18.1046 19 17V3C19 1.89543 18.1046 1 17 1Z"
              stroke-linecap="round"
              stroke-linejoin="round"
              stroke-width="1.5"
            />
            <path
              d="M7 6H14M6 10H12M9 14H14"
              stroke-linecap="round"
              stroke-linejoin="round"
              stroke-width="1.5"
            />
          </svg>
          Tasks
        </a>
        <button
          class="flex items-center rounded-lg p-2 disabled:cursor-not-allowed border border-gray-200 bg-transparent dark:border-white dark:hover:bg-zinc-100 dark:hover:text-black gap-2 px-4 hover:bg-black hover:text-white hover:fill-white hover:font-bold text-zinc-500 fill-zinc-500 dark:text-white dark:fill-white border-none"
          type="button"
        >
          <div
            class=""
          >
            <svg
              class="w-4 h-4"
              fill="currentColor"
              height="1em"
              stroke="currentColor"
              stroke-width="0"
              viewBox="0 0 512 512"
              width="1em"
              xmlns="http://www.w3.org/2000/svg"
            >
              <path
                d="M497 273L329 441c-15 15-41 4.5-41-17v-96H152c-13.3 0-24-10.7-24-24v-96c0-13.3 10.7-24 24-24h136V88c0-21.4 25.9-32 41-17l168 168c9.3 9.4 9.3 24.6 0 34zM192 436v-40c0-6.6-5.4-12-12-12H96c-17.7 0-32-14.3-32-32V160c0-17.7 14.3-32 32-32h84c6.6 0 12-5.4 12-12V76c0-6.6-5.4-12-12-12H96c-53 0-96 43-96 96v192c0 53 43 96 96 96h84c6.6 0 12-5.4 12-12z"
              />
            </svg>
          </div>
          Sign Out
        </button>
      </div>
      <div
        class="mt-2"
      >
        <span
          class="text-xs font-bold text-zinc-500 dark:text-white"
        >
          Theme
        </span>
        <button
          class="flex items-center rounded-lg p-2 disabled:cursor-not-allowed border border-gray-200 bg-transparent dark:border-white dark:text-white w-full mt-2 hover:bg-black hover:text-white dark:hover:bg-black dark:hover:text-white border-none text-zinc-500"
          type="button"
        >
          <div
            class="px-2"
          >
            <svg
              fill="currentColor"
              height="1em"
              stroke="currentColor"
              stroke-width="0"
              viewBox="0 0 24 24"
              width="1em"
              xmlns="http://www.w3.org/2000/svg"
            >
              <path
                d="M0 0h24v24H0V0z"
                fill="none"
              />
              <path
                d="M14 4c.34 0 .68.02 1.01.07C13.1 6.23 12 9.05 12 12s1.1 5.77 3.01 7.93c-.33.05-.67.07-1.01.07-4.41 0-8-3.59-8-8s3.59-8 8-8m0-2C8.48 2 4 6.48 4 12s4.48 10 10 10c1.82 0 3.53-.5 5-1.35-2.99-1.73-5-4.95-5-8.65s2.01-6.92 5-8.65A9.973 9.973 0 0 0 14 2z"
              />
            </svg>
          </div>
          <span>
            Dark
          </span>
        </button>
      </div>
    </div>
  </nav>
</div>
`;
