// Jest Snapshot v1, https://goo.gl/fbAQLP

exports[`Dropdown Component Should match snapshot 1`] = `
{
  "asFragment": [Function],
  "baseElement": <body>
    <div>
      <div
        class="h-fit rounded-lg border border-zinc-300 bg-zinc-50 hover:bg-zinc-100 hover:cursor-pointer text-neutral-800 dark:hover:bg-neutral-800 dark:hover:text-white dark:text-white dark:bg-neutral-900 dark:border-gray-700"
        data-testid="multiple-select"
        tabindex="0"
      >
        <div
          class="relative w-full focus:outline-2 focus:outline-blue-500 focus:border-none"
        >
          <p
            class="p-5 opacity-70"
          >
            Select options
          </p>
        </div>
      </div>
    </div>
  </body>,
  "container": <div>
    <div
      class="h-fit rounded-lg border border-zinc-300 bg-zinc-50 hover:bg-zinc-100 hover:cursor-pointer text-neutral-800 dark:hover:bg-neutral-800 dark:hover:text-white dark:text-white dark:bg-neutral-900 dark:border-gray-700"
      data-testid="multiple-select"
      tabindex="0"
    >
      <div
        class="relative w-full focus:outline-2 focus:outline-blue-500 focus:border-none"
      >
        <p
          class="p-5 opacity-70"
        >
          Select options
        </p>
      </div>
    </div>
  </div>,
  "debug": [Function],
  "findAllByAltText": [Function],
  "findAllByDisplayValue": [Function],
  "findAllByLabelText": [Function],
  "findAllByPlaceholderText": [Function],
  "findAllByRole": [Function],
  "findAllByTestId": [Function],
  "findAllByText": [Function],
  "findAllByTitle": [Function],
  "findByAltText": [Function],
  "findByDisplayValue": [Function],
  "findByLabelText": [Function],
  "findByPlaceholderText": [Function],
  "findByRole": [Function],
  "findByTestId": [Function],
  "findByText": [Function],
  "findByTitle": [Function],
  "getAllByAltText": [Function],
  "getAllByDisplayValue": [Function],
  "getAllByLabelText": [Function],
  "getAllByPlaceholderText": [Function],
  "getAllByRole": [Function],
  "getAllByTestId": [Function],
  "getAllByText": [Function],
  "getAllByTitle": [Function],
  "getByAltText": [Function],
  "getByDisplayValue": [Function],
  "getByLabelText": [Function],
  "getByPlaceholderText": [Function],
  "getByRole": [Function],
  "getByTestId": [Function],
  "getByText": [Function],
  "getByTitle": [Function],
  "queryAllByAltText": [Function],
  "queryAllByDisplayValue": [Function],
  "queryAllByLabelText": [Function],
  "queryAllByPlaceholderText": [Function],
  "queryAllByRole": [Function],
  "queryAllByTestId": [Function],
  "queryAllByText": [Function],
  "queryAllByTitle": [Function],
  "queryByAltText": [Function],
  "queryByDisplayValue": [Function],
  "queryByLabelText": [Function],
  "queryByPlaceholderText": [Function],
  "queryByRole": [Function],
  "queryByTestId": [Function],
  "queryByText": [Function],
  "queryByTitle": [Function],
  "rerender": [Function],
  "unmount": [Function],
}
`;
