// Jest Snapshot v1, https://goo.gl/fbAQLP

exports[`AvatarGroup component Should match snapshot 1`] = `
{
  "asFragment": [Function],
  "baseElement": <body>
    <div>
      <div
        class="flex -space-x-4"
        data-testid="avatar-group"
      >
        <div>
          <img
            alt="1 avatar"
            class="rounded-full dark:border-gray-500 border-2"
            data-nimg="1"
            decoding="async"
            height="50"
            loading="lazy"
            src="/_next/image?url=https%3A%2F%2Frandomuser.me%2Fapi%2Fportraits%2Fmen%2F45.jpg&w=128&q=75"
            srcset="/_next/image?url=https%3A%2F%2Frandomuser.me%2Fapi%2Fportraits%2Fmen%2F45.jpg&w=64&q=75 1x, /_next/image?url=https%3A%2F%2Frandomuser.me%2Fapi%2Fportraits%2Fmen%2F45.jpg&w=128&q=75 2x"
            style="color: transparent;"
            width="50"
          />
        </div>
        <div>
          <img
            alt="2 avatar"
            class="rounded-full dark:border-gray-500 border-2"
            data-nimg="1"
            decoding="async"
            height="50"
            loading="lazy"
            src="/_next/image?url=https%3A%2F%2Frandomuser.me%2Fapi%2Fportraits%2Fmen%2F81.jpg&w=128&q=75"
            srcset="/_next/image?url=https%3A%2F%2Frandomuser.me%2Fapi%2Fportraits%2Fmen%2F81.jpg&w=64&q=75 1x, /_next/image?url=https%3A%2F%2Frandomuser.me%2Fapi%2Fportraits%2Fmen%2F81.jpg&w=128&q=75 2x"
            style="color: transparent;"
            width="50"
          />
        </div>
        <div>
          <img
            alt="3 avatar"
            class="rounded-full dark:border-gray-500 border-2"
            data-nimg="1"
            decoding="async"
            height="50"
            loading="lazy"
            src="/_next/image?url=https%3A%2F%2Frandomuser.me%2Fapi%2Fportraits%2Fmen%2F9.jpg&w=128&q=75"
            srcset="/_next/image?url=https%3A%2F%2Frandomuser.me%2Fapi%2Fportraits%2Fmen%2F9.jpg&w=64&q=75 1x, /_next/image?url=https%3A%2F%2Frandomuser.me%2Fapi%2Fportraits%2Fmen%2F9.jpg&w=128&q=75 2x"
            style="color: transparent;"
            width="50"
          />
        </div>
        <div>
          <img
            alt="4 avatar"
            class="rounded-full dark:border-gray-500 border-2"
            data-nimg="1"
            decoding="async"
            height="50"
            loading="lazy"
            src="/_next/image?url=https%3A%2F%2Frandomuser.me%2Fapi%2Fportraits%2Fwomen%2F19.jpg&w=128&q=75"
            srcset="/_next/image?url=https%3A%2F%2Frandomuser.me%2Fapi%2Fportraits%2Fwomen%2F19.jpg&w=64&q=75 1x, /_next/image?url=https%3A%2F%2Frandomuser.me%2Fapi%2Fportraits%2Fwomen%2F19.jpg&w=128&q=75 2x"
            style="color: transparent;"
            width="50"
          />
        </div>
        <div>
          <img
            alt="6 avatar"
            class="rounded-full dark:border-gray-500 border-2"
            data-nimg="1"
            decoding="async"
            height="50"
            loading="lazy"
            src="/_next/image?url=https%3A%2F%2Frandomuser.me%2Fapi%2Fportraits%2Fmen%2F1.jpg&w=128&q=75"
            srcset="/_next/image?url=https%3A%2F%2Frandomuser.me%2Fapi%2Fportraits%2Fmen%2F1.jpg&w=64&q=75 1x, /_next/image?url=https%3A%2F%2Frandomuser.me%2Fapi%2Fportraits%2Fmen%2F1.jpg&w=128&q=75 2x"
            style="color: transparent;"
            width="50"
          />
        </div>
        <div>
          <img
            alt="7 avatar"
            class="rounded-full dark:border-gray-500 border-2"
            data-nimg="1"
            decoding="async"
            height="50"
            loading="lazy"
            src="/_next/image?url=https%3A%2F%2Frandomuser.me%2Fapi%2Fportraits%2Fwomen%2F9.jpg&w=128&q=75"
            srcset="/_next/image?url=https%3A%2F%2Frandomuser.me%2Fapi%2Fportraits%2Fwomen%2F9.jpg&w=64&q=75 1x, /_next/image?url=https%3A%2F%2Frandomuser.me%2Fapi%2Fportraits%2Fwomen%2F9.jpg&w=128&q=75 2x"
            style="color: transparent;"
            width="50"
          />
        </div>
        <div>
          <img
            alt="8 avatar"
            class="rounded-full dark:border-gray-500 border-2"
            data-nimg="1"
            decoding="async"
            height="50"
            loading="lazy"
            src="/_next/image?url=https%3A%2F%2Frandomuser.me%2Fapi%2Fportraits%2Fmen%2F36.jpg&w=128&q=75"
            srcset="/_next/image?url=https%3A%2F%2Frandomuser.me%2Fapi%2Fportraits%2Fmen%2F36.jpg&w=64&q=75 1x, /_next/image?url=https%3A%2F%2Frandomuser.me%2Fapi%2Fportraits%2Fmen%2F36.jpg&w=128&q=75 2x"
            style="color: transparent;"
            width="50"
          />
        </div>
      </div>
    </div>
  </body>,
  "container": <div>
    <div
      class="flex -space-x-4"
      data-testid="avatar-group"
    >
      <div>
        <img
          alt="1 avatar"
          class="rounded-full dark:border-gray-500 border-2"
          data-nimg="1"
          decoding="async"
          height="50"
          loading="lazy"
          src="/_next/image?url=https%3A%2F%2Frandomuser.me%2Fapi%2Fportraits%2Fmen%2F45.jpg&w=128&q=75"
          srcset="/_next/image?url=https%3A%2F%2Frandomuser.me%2Fapi%2Fportraits%2Fmen%2F45.jpg&w=64&q=75 1x, /_next/image?url=https%3A%2F%2Frandomuser.me%2Fapi%2Fportraits%2Fmen%2F45.jpg&w=128&q=75 2x"
          style="color: transparent;"
          width="50"
        />
      </div>
      <div>
        <img
          alt="2 avatar"
          class="rounded-full dark:border-gray-500 border-2"
          data-nimg="1"
          decoding="async"
          height="50"
          loading="lazy"
          src="/_next/image?url=https%3A%2F%2Frandomuser.me%2Fapi%2Fportraits%2Fmen%2F81.jpg&w=128&q=75"
          srcset="/_next/image?url=https%3A%2F%2Frandomuser.me%2Fapi%2Fportraits%2Fmen%2F81.jpg&w=64&q=75 1x, /_next/image?url=https%3A%2F%2Frandomuser.me%2Fapi%2Fportraits%2Fmen%2F81.jpg&w=128&q=75 2x"
          style="color: transparent;"
          width="50"
        />
      </div>
      <div>
        <img
          alt="3 avatar"
          class="rounded-full dark:border-gray-500 border-2"
          data-nimg="1"
          decoding="async"
          height="50"
          loading="lazy"
          src="/_next/image?url=https%3A%2F%2Frandomuser.me%2Fapi%2Fportraits%2Fmen%2F9.jpg&w=128&q=75"
          srcset="/_next/image?url=https%3A%2F%2Frandomuser.me%2Fapi%2Fportraits%2Fmen%2F9.jpg&w=64&q=75 1x, /_next/image?url=https%3A%2F%2Frandomuser.me%2Fapi%2Fportraits%2Fmen%2F9.jpg&w=128&q=75 2x"
          style="color: transparent;"
          width="50"
        />
      </div>
      <div>
        <img
          alt="4 avatar"
          class="rounded-full dark:border-gray-500 border-2"
          data-nimg="1"
          decoding="async"
          height="50"
          loading="lazy"
          src="/_next/image?url=https%3A%2F%2Frandomuser.me%2Fapi%2Fportraits%2Fwomen%2F19.jpg&w=128&q=75"
          srcset="/_next/image?url=https%3A%2F%2Frandomuser.me%2Fapi%2Fportraits%2Fwomen%2F19.jpg&w=64&q=75 1x, /_next/image?url=https%3A%2F%2Frandomuser.me%2Fapi%2Fportraits%2Fwomen%2F19.jpg&w=128&q=75 2x"
          style="color: transparent;"
          width="50"
        />
      </div>
      <div>
        <img
          alt="6 avatar"
          class="rounded-full dark:border-gray-500 border-2"
          data-nimg="1"
          decoding="async"
          height="50"
          loading="lazy"
          src="/_next/image?url=https%3A%2F%2Frandomuser.me%2Fapi%2Fportraits%2Fmen%2F1.jpg&w=128&q=75"
          srcset="/_next/image?url=https%3A%2F%2Frandomuser.me%2Fapi%2Fportraits%2Fmen%2F1.jpg&w=64&q=75 1x, /_next/image?url=https%3A%2F%2Frandomuser.me%2Fapi%2Fportraits%2Fmen%2F1.jpg&w=128&q=75 2x"
          style="color: transparent;"
          width="50"
        />
      </div>
      <div>
        <img
          alt="7 avatar"
          class="rounded-full dark:border-gray-500 border-2"
          data-nimg="1"
          decoding="async"
          height="50"
          loading="lazy"
          src="/_next/image?url=https%3A%2F%2Frandomuser.me%2Fapi%2Fportraits%2Fwomen%2F9.jpg&w=128&q=75"
          srcset="/_next/image?url=https%3A%2F%2Frandomuser.me%2Fapi%2Fportraits%2Fwomen%2F9.jpg&w=64&q=75 1x, /_next/image?url=https%3A%2F%2Frandomuser.me%2Fapi%2Fportraits%2Fwomen%2F9.jpg&w=128&q=75 2x"
          style="color: transparent;"
          width="50"
        />
      </div>
      <div>
        <img
          alt="8 avatar"
          class="rounded-full dark:border-gray-500 border-2"
          data-nimg="1"
          decoding="async"
          height="50"
          loading="lazy"
          src="/_next/image?url=https%3A%2F%2Frandomuser.me%2Fapi%2Fportraits%2Fmen%2F36.jpg&w=128&q=75"
          srcset="/_next/image?url=https%3A%2F%2Frandomuser.me%2Fapi%2Fportraits%2Fmen%2F36.jpg&w=64&q=75 1x, /_next/image?url=https%3A%2F%2Frandomuser.me%2Fapi%2Fportraits%2Fmen%2F36.jpg&w=128&q=75 2x"
          style="color: transparent;"
          width="50"
        />
      </div>
    </div>
  </div>,
  "debug": [Function],
  "findAllByAltText": [Function],
  "findAllByDisplayValue": [Function],
  "findAllByLabelText": [Function],
  "findAllByPlaceholderText": [Function],
  "findAllByRole": [Function],
  "findAllByTestId": [Function],
  "findAllByText": [Function],
  "findAllByTitle": [Function],
  "findByAltText": [Function],
  "findByDisplayValue": [Function],
  "findByLabelText": [Function],
  "findByPlaceholderText": [Function],
  "findByRole": [Function],
  "findByTestId": [Function],
  "findByText": [Function],
  "findByTitle": [Function],
  "getAllByAltText": [Function],
  "getAllByDisplayValue": [Function],
  "getAllByLabelText": [Function],
  "getAllByPlaceholderText": [Function],
  "getAllByRole": [Function],
  "getAllByTestId": [Function],
  "getAllByText": [Function],
  "getAllByTitle": [Function],
  "getByAltText": [Function],
  "getByDisplayValue": [Function],
  "getByLabelText": [Function],
  "getByPlaceholderText": [Function],
  "getByRole": [Function],
  "getByTestId": [Function],
  "getByText": [Function],
  "getByTitle": [Function],
  "queryAllByAltText": [Function],
  "queryAllByDisplayValue": [Function],
  "queryAllByLabelText": [Function],
  "queryAllByPlaceholderText": [Function],
  "queryAllByRole": [Function],
  "queryAllByTestId": [Function],
  "queryAllByText": [Function],
  "queryAllByTitle": [Function],
  "queryByAltText": [Function],
  "queryByDisplayValue": [Function],
  "queryByLabelText": [Function],
  "queryByPlaceholderText": [Function],
  "queryByRole": [Function],
  "queryByTestId": [Function],
  "queryByText": [Function],
  "queryByTitle": [Function],
  "rerender": [Function],
  "unmount": [Function],
}
`;
